INFO     18/06 14:55:07   antiSMASH version: 8.0.4
INFO     18/06 14:55:08   diamond using executable: /usr/bin/diamond-aligner (2.1.3)
INFO     18/06 14:55:08   hmmpfam2 using executable: /usr/bin/hmm2pfam (2.3.2)
INFO     18/06 14:55:08   fasttree using executable: /usr/bin/fasttree
INFO     18/06 14:55:08   hmmsearch using executable: /usr/bin/hmmsearch (3.3.2)
INFO     18/06 14:55:08   hmmpress using executable: /usr/bin/hmmpress (3.3.2)
INFO     18/06 14:55:08   hmmscan using executable: /usr/bin/hmmscan (3.3.2)
INFO     18/06 14:55:08   prodigal using executable: /usr/bin/prodigal (V2.6.3)
INFO     18/06 14:55:08   blastp using executable: /usr/bin/blastp (2.12.0+)
INFO     18/06 14:55:08   makeblastdb using executable: /usr/bin/makeblastdb (2.12.0+)
DEBUG    18/06 14:55:08   Checking prerequisites for antismash.detection.hmm_detection
DEBUG    18/06 14:55:08   Found file '/usr/local/lib/python3.11/dist-packages/antismash/detection/hmm_detection/data/bgc_seeds.hmm'
DEBUG    18/06 14:55:08   Found file '/usr/local/lib/python3.11/dist-packages/antismash/detection/hmm_detection/data/bgc_seeds.hmm'
DEBUG    18/06 14:55:08   Found file '/usr/local/lib/python3.11/dist-packages/antismash/detection/hmm_detection/data/bgc_seeds.hmm.h3f'
DEBUG    18/06 14:55:08   Found file '/usr/local/lib/python3.11/dist-packages/antismash/detection/hmm_detection/data/bgc_seeds.hmm.h3i'
DEBUG    18/06 14:55:08   Found file '/usr/local/lib/python3.11/dist-packages/antismash/detection/hmm_detection/data/bgc_seeds.hmm.h3m'
DEBUG    18/06 14:55:08   Found file '/usr/local/lib/python3.11/dist-packages/antismash/detection/hmm_detection/data/bgc_seeds.hmm.h3p'
DEBUG    18/06 14:55:08   Checking prerequisites for antismash.detection.cluster_hmmer
DEBUG    18/06 14:55:08   Found file '/databases/pfam/35.0/Pfam-A.hmm'
DEBUG    18/06 14:55:08   Found file '/databases/pfam/35.0/Pfam-A.hmm.h3f'
DEBUG    18/06 14:55:08   Found file '/databases/pfam/35.0/Pfam-A.hmm.h3i'
DEBUG    18/06 14:55:08   Found file '/databases/pfam/35.0/Pfam-A.hmm.h3m'
DEBUG    18/06 14:55:08   Found file '/databases/pfam/35.0/Pfam-A.hmm.h3p'
DEBUG    18/06 14:55:08   Checking prerequisites for antismash.detection.genefunctions
DEBUG    18/06 14:55:08   Found file '/databases/resfam/Resfams.hmm'
DEBUG    18/06 14:55:08   Found file '/usr/local/lib/python3.11/dist-packages/antismash/detection/genefunctions/tools/data/extras.hmm.h3f'
DEBUG    18/06 14:55:08   Found file '/usr/local/lib/python3.11/dist-packages/antismash/detection/genefunctions/tools/data/extras.hmm.h3i'
DEBUG    18/06 14:55:08   Found file '/usr/local/lib/python3.11/dist-packages/antismash/detection/genefunctions/tools/data/extras.hmm.h3m'
DEBUG    18/06 14:55:08   Found file '/usr/local/lib/python3.11/dist-packages/antismash/detection/genefunctions/tools/data/extras.hmm.h3p'
DEBUG    18/06 14:55:08   Found file '/usr/local/lib/python3.11/dist-packages/antismash/detection/genefunctions/tools/halogenases/data/FDH.hmm'
DEBUG    18/06 14:55:08   Found file '/usr/local/lib/python3.11/dist-packages/antismash/detection/genefunctions/tools/halogenases/data/FDH.hmm.h3f'
DEBUG    18/06 14:55:08   Found file '/usr/local/lib/python3.11/dist-packages/antismash/detection/genefunctions/tools/halogenases/data/FDH.hmm.h3i'
DEBUG    18/06 14:55:08   Found file '/usr/local/lib/python3.11/dist-packages/antismash/detection/genefunctions/tools/halogenases/data/FDH.hmm.h3m'
DEBUG    18/06 14:55:08   Found file '/usr/local/lib/python3.11/dist-packages/antismash/detection/genefunctions/tools/halogenases/data/FDH.hmm.h3p'
DEBUG    18/06 14:55:08   Found file '/databases/mite/1.3/metadata.json'
DEBUG    18/06 14:55:08   Found file '/databases/mite/1.3/mite.fasta'
DEBUG    18/06 14:55:08   Found file '/databases/mite/1.3/mite.db.dmnd'
DEBUG    18/06 14:55:08   Found file '/databases/mite/1.3/mite.db.dmnd'
DEBUG    18/06 14:55:08   Found file '/usr/local/lib/python3.11/dist-packages/antismash/detection/genefunctions/tools/data/smcogs.hmm.h3f'
DEBUG    18/06 14:55:08   Found file '/usr/local/lib/python3.11/dist-packages/antismash/detection/genefunctions/tools/data/smcogs.hmm.h3i'
DEBUG    18/06 14:55:08   Found file '/usr/local/lib/python3.11/dist-packages/antismash/detection/genefunctions/tools/data/smcogs.hmm.h3m'
DEBUG    18/06 14:55:08   Found file '/usr/local/lib/python3.11/dist-packages/antismash/detection/genefunctions/tools/data/smcogs.hmm.h3p'
DEBUG    18/06 14:55:08   Found file '/databases/resfam/Resfams.hmm.h3f'
DEBUG    18/06 14:55:08   Found file '/databases/resfam/Resfams.hmm.h3i'
DEBUG    18/06 14:55:08   Found file '/databases/resfam/Resfams.hmm.h3m'
DEBUG    18/06 14:55:08   Found file '/databases/resfam/Resfams.hmm.h3p'
DEBUG    18/06 14:55:08   Checking prerequisites for antismash.detection.nrps_pks_domains
DEBUG    18/06 14:55:08   Found file '/usr/local/lib/python3.11/dist-packages/antismash/detection/nrps_pks_domains/data/abmotifs.hmm.h3f'
DEBUG    18/06 14:55:08   Found file '/usr/local/lib/python3.11/dist-packages/antismash/detection/nrps_pks_domains/data/abmotifs.hmm.h3i'
DEBUG    18/06 14:55:08   Found file '/usr/local/lib/python3.11/dist-packages/antismash/detection/nrps_pks_domains/data/abmotifs.hmm.h3m'
DEBUG    18/06 14:55:08   Found file '/usr/local/lib/python3.11/dist-packages/antismash/detection/nrps_pks_domains/data/abmotifs.hmm.h3p'
DEBUG    18/06 14:55:08   Found file '/usr/local/lib/python3.11/dist-packages/antismash/detection/nrps_pks_domains/data/dockingdomains.hmm.h3f'
DEBUG    18/06 14:55:08   Found file '/usr/local/lib/python3.11/dist-packages/antismash/detection/nrps_pks_domains/data/dockingdomains.hmm.h3i'
DEBUG    18/06 14:55:08   Found file '/usr/local/lib/python3.11/dist-packages/antismash/detection/nrps_pks_domains/data/dockingdomains.hmm.h3m'
DEBUG    18/06 14:55:08   Found file '/usr/local/lib/python3.11/dist-packages/antismash/detection/nrps_pks_domains/data/dockingdomains.hmm.h3p'
DEBUG    18/06 14:55:08   Found file '/usr/local/lib/python3.11/dist-packages/antismash/detection/nrps_pks_domains/data/ksdomains.hmm.h3f'
DEBUG    18/06 14:55:08   Found file '/usr/local/lib/python3.11/dist-packages/antismash/detection/nrps_pks_domains/data/ksdomains.hmm.h3i'
DEBUG    18/06 14:55:08   Found file '/usr/local/lib/python3.11/dist-packages/antismash/detection/nrps_pks_domains/data/ksdomains.hmm.h3m'
DEBUG    18/06 14:55:08   Found file '/usr/local/lib/python3.11/dist-packages/antismash/detection/nrps_pks_domains/data/ksdomains.hmm.h3p'
DEBUG    18/06 14:55:08   Found file '/usr/local/lib/python3.11/dist-packages/antismash/detection/nrps_pks_domains/data/nrpspksdomains.hmm.h3f'
DEBUG    18/06 14:55:08   Found file '/usr/local/lib/python3.11/dist-packages/antismash/detection/nrps_pks_domains/data/nrpspksdomains.hmm.h3i'
DEBUG    18/06 14:55:08   Found file '/usr/local/lib/python3.11/dist-packages/antismash/detection/nrps_pks_domains/data/nrpspksdomains.hmm.h3m'
DEBUG    18/06 14:55:08   Found file '/usr/local/lib/python3.11/dist-packages/antismash/detection/nrps_pks_domains/data/nrpspksdomains.hmm.h3p'
DEBUG    18/06 14:55:08   Found file '/databases/nrps_pks/transATor/2023.02.23/transATor.hmm.h3f'
DEBUG    18/06 14:55:08   Found file '/databases/nrps_pks/transATor/2023.02.23/transATor.hmm.h3i'
DEBUG    18/06 14:55:08   Found file '/databases/nrps_pks/transATor/2023.02.23/transATor.hmm.h3m'
DEBUG    18/06 14:55:08   Found file '/databases/nrps_pks/transATor/2023.02.23/transATor.hmm.h3p'
DEBUG    18/06 14:55:08   Checking prerequisites for antismash.detection.tigrfam
DEBUG    18/06 14:55:08   Found file '/databases/tigrfam/TIGRFam.hmm'
DEBUG    18/06 14:55:08   Found file '/databases/tigrfam/TIGRFam.hmm.h3f'
DEBUG    18/06 14:55:08   Found file '/databases/tigrfam/TIGRFam.hmm.h3i'
DEBUG    18/06 14:55:08   Found file '/databases/tigrfam/TIGRFam.hmm.h3m'
DEBUG    18/06 14:55:08   Found file '/databases/tigrfam/TIGRFam.hmm.h3p'
DEBUG    18/06 14:55:08   Checking prerequisites for antismash.modules.active_site_finder
DEBUG    18/06 14:55:08   Found file '/usr/local/lib/python3.11/dist-packages/antismash/modules/active_site_finder/data/PKSI-KR.hmm2'
DEBUG    18/06 14:55:08   Found file '/usr/local/lib/python3.11/dist-packages/antismash/modules/active_site_finder/data/PKSI-KS_N.hmm2'
DEBUG    18/06 14:55:08   Found file '/usr/local/lib/python3.11/dist-packages/antismash/modules/active_site_finder/data/PKSI-KS_C.hmm2'
DEBUG    18/06 14:55:08   Found file '/usr/local/lib/python3.11/dist-packages/antismash/modules/active_site_finder/data/PKSI-AT.hmm2'
DEBUG    18/06 14:55:08   Found file '/usr/local/lib/python3.11/dist-packages/antismash/modules/active_site_finder/data/PKSI-ACP.hmm2'
DEBUG    18/06 14:55:08   Found file '/usr/local/lib/python3.11/dist-packages/antismash/modules/active_site_finder/data/PKSI-DH.hmm2'
DEBUG    18/06 14:55:08   Found file '/usr/local/lib/python3.11/dist-packages/antismash/modules/active_site_finder/data/Thioesterase.hmm2'
DEBUG    18/06 14:55:08   Found file '/usr/local/lib/python3.11/dist-packages/antismash/modules/active_site_finder/data/PKSI-ER.hmm2'
DEBUG    18/06 14:55:08   Found file '/usr/local/lib/python3.11/dist-packages/antismash/modules/active_site_finder/data/p450.hmm2'
DEBUG    18/06 14:55:08   Checking prerequisites for antismash.modules.cluster_compare
DEBUG    18/06 14:55:08   Found file '/databases/clustercompare/mibig/4.0/data.json'
DEBUG    18/06 14:55:08   Found file '/databases/clustercompare/mibig/4.0/proteins.fasta'
DEBUG    18/06 14:55:08   Found file '/databases/clustercompare/mibig/4.0/proteins.dmnd'
DEBUG    18/06 14:55:08   Found file '/databases/clustercompare/mibig/4.0/proteins.dmnd'
DEBUG    18/06 14:55:08   Checking prerequisites for antismash.modules.clusterblast
DEBUG    18/06 14:55:08   Found file '/databases/knownclusterblast/4.0/clusters.txt'
DEBUG    18/06 14:55:08   Found file '/databases/knownclusterblast/4.0/proteins.fasta'
DEBUG    18/06 14:55:08   Found file '/databases/knownclusterblast/4.0/proteins.dmnd'
DEBUG    18/06 14:55:08   Found file '/databases/knownclusterblast/4.0/proteins.dmnd'
DEBUG    18/06 14:55:08   Found file '/databases/clusterblast/clusters.txt'
DEBUG    18/06 14:55:08   Found file '/databases/clusterblast/proteins.fasta'
DEBUG    18/06 14:55:08   Found file '/databases/clusterblast/proteins.dmnd'
DEBUG    18/06 14:55:08   Found file '/databases/clusterblast/proteins.dmnd'
DEBUG    18/06 14:55:08   Found file '/usr/local/lib/python3.11/dist-packages/antismash/modules/clusterblast/data/sub/proteins.fasta'
DEBUG    18/06 14:55:08   Found file '/usr/local/lib/python3.11/dist-packages/antismash/modules/clusterblast/data/sub/proteins.fasta.phr'
DEBUG    18/06 14:55:08   Found file '/usr/local/lib/python3.11/dist-packages/antismash/modules/clusterblast/data/sub/proteins.fasta.pin'
DEBUG    18/06 14:55:08   Found file '/usr/local/lib/python3.11/dist-packages/antismash/modules/clusterblast/data/sub/proteins.fasta.psq'
DEBUG    18/06 14:55:08   Found file '/usr/local/lib/python3.11/dist-packages/antismash/modules/clusterblast/data/sub/clusters.txt'
DEBUG    18/06 14:55:08   Checking prerequisites for antismash.modules.lanthipeptides
DEBUG    18/06 14:55:08   Found file '/databases/comparippson/asdb/4.0/cores.fa.pdb'
DEBUG    18/06 14:55:08   Found file '/databases/comparippson/asdb/4.0/cores.fa.phr'
DEBUG    18/06 14:55:08   Found file '/databases/comparippson/asdb/4.0/cores.fa.pin'
DEBUG    18/06 14:55:08   Found file '/databases/comparippson/asdb/4.0/cores.fa.pot'
DEBUG    18/06 14:55:08   Found file '/databases/comparippson/asdb/4.0/cores.fa.psq'
DEBUG    18/06 14:55:08   Found file '/databases/comparippson/asdb/4.0/cores.fa.ptf'
DEBUG    18/06 14:55:08   Found file '/databases/comparippson/asdb/4.0/cores.fa.pto'
DEBUG    18/06 14:55:08   Found file '/databases/comparippson/mibig/4.0/cores.fa.pdb'
DEBUG    18/06 14:55:08   Found file '/databases/comparippson/mibig/4.0/cores.fa.phr'
DEBUG    18/06 14:55:08   Found file '/databases/comparippson/mibig/4.0/cores.fa.pin'
DEBUG    18/06 14:55:08   Found file '/databases/comparippson/mibig/4.0/cores.fa.pot'
DEBUG    18/06 14:55:08   Found file '/databases/comparippson/mibig/4.0/cores.fa.psq'
DEBUG    18/06 14:55:08   Found file '/databases/comparippson/mibig/4.0/cores.fa.ptf'
DEBUG    18/06 14:55:08   Found file '/databases/comparippson/mibig/4.0/cores.fa.pto'
DEBUG    18/06 14:55:08   Checking prerequisites for antismash.modules.lassopeptides
DEBUG    18/06 14:55:08   Checking prerequisites for antismash.modules.nrps_pks
DEBUG    18/06 14:55:08   Found existing cache for /usr/local/lib/python3.11/dist-packages/antismash/modules/nrps_pks/data/terminals/cterm.fasta
DEBUG    18/06 14:55:08   Found existing cache for /usr/local/lib/python3.11/dist-packages/antismash/modules/nrps_pks/data/terminals/nterm.fasta
DEBUG    18/06 14:55:08   Found existing cache for /usr/local/lib/python3.11/dist-packages/antismash/modules/nrps_pks/at_analysis/data/AT_domains_muscle.fasta
DEBUG    18/06 14:55:08   Found existing cache for /usr/local/lib/python3.11/dist-packages/antismash/modules/nrps_pks/c_analysis/data/Rausch_C_203.fa
DEBUG    18/06 14:55:09   Found existing cache for /usr/local/lib/python3.11/dist-packages/antismash/modules/nrps_pks/kr_analysis/data/KRdomains_muscle.fasta
DEBUG    18/06 14:55:09   Found existing cache for /usr/local/lib/python3.11/dist-packages/antismash/modules/nrps_pks/minowa/data/AT_domains_muscle.fasta
DEBUG    18/06 14:55:09   Found existing cache for /usr/local/lib/python3.11/dist-packages/antismash/modules/nrps_pks/minowa/data/CAL_domains_muscle.fasta
DEBUG    18/06 14:55:09   Checking prerequisites for antismash.modules.pfam2go
DEBUG    18/06 14:55:09   Found file '/usr/local/lib/python3.11/dist-packages/antismash/modules/pfam2go/data/pfam2go.txt'
DEBUG    18/06 14:55:09   Checking prerequisites for antismash.modules.rrefinder
DEBUG    18/06 14:55:09   Found file '/usr/local/lib/python3.11/dist-packages/antismash/modules/rrefinder/data/RREFam.hmm.h3f'
DEBUG    18/06 14:55:09   Found file '/usr/local/lib/python3.11/dist-packages/antismash/modules/rrefinder/data/RREFam.hmm.h3i'
DEBUG    18/06 14:55:09   Found file '/usr/local/lib/python3.11/dist-packages/antismash/modules/rrefinder/data/RREFam.hmm.h3m'
DEBUG    18/06 14:55:09   Found file '/usr/local/lib/python3.11/dist-packages/antismash/modules/rrefinder/data/RREFam.hmm.h3p'
DEBUG    18/06 14:55:09   Checking prerequisites for antismash.modules.sactipeptides
DEBUG    18/06 14:55:09   Checking prerequisites for antismash.modules.t2pks
DEBUG    18/06 14:55:09   Found file '/usr/local/lib/python3.11/dist-packages/antismash/modules/t2pks/data/KSIII.fasta'
DEBUG    18/06 14:55:09   Found file '/usr/local/lib/python3.11/dist-packages/antismash/modules/t2pks/data/KSIII.phr'
DEBUG    18/06 14:55:09   Found file '/usr/local/lib/python3.11/dist-packages/antismash/modules/t2pks/data/KSIII.pin'
DEBUG    18/06 14:55:09   Found file '/usr/local/lib/python3.11/dist-packages/antismash/modules/t2pks/data/KSIII.psq'
DEBUG    18/06 14:55:09   Found file '/usr/local/lib/python3.11/dist-packages/antismash/modules/t2pks/data/AT.fasta'
DEBUG    18/06 14:55:09   Found file '/usr/local/lib/python3.11/dist-packages/antismash/modules/t2pks/data/AT.phr'
DEBUG    18/06 14:55:09   Found file '/usr/local/lib/python3.11/dist-packages/antismash/modules/t2pks/data/AT.pin'
DEBUG    18/06 14:55:09   Found file '/usr/local/lib/python3.11/dist-packages/antismash/modules/t2pks/data/AT.psq'
DEBUG    18/06 14:55:09   Found file '/usr/local/lib/python3.11/dist-packages/antismash/modules/t2pks/data/LIG.fasta'
DEBUG    18/06 14:55:09   Found file '/usr/local/lib/python3.11/dist-packages/antismash/modules/t2pks/data/LIG.phr'
DEBUG    18/06 14:55:09   Found file '/usr/local/lib/python3.11/dist-packages/antismash/modules/t2pks/data/LIG.pin'
DEBUG    18/06 14:55:09   Found file '/usr/local/lib/python3.11/dist-packages/antismash/modules/t2pks/data/LIG.psq'
DEBUG    18/06 14:55:09   Found file '/usr/local/lib/python3.11/dist-packages/antismash/modules/t2pks/data/t2pks.hmm.h3f'
DEBUG    18/06 14:55:09   Found file '/usr/local/lib/python3.11/dist-packages/antismash/modules/t2pks/data/t2pks.hmm.h3i'
DEBUG    18/06 14:55:09   Found file '/usr/local/lib/python3.11/dist-packages/antismash/modules/t2pks/data/t2pks.hmm.h3m'
DEBUG    18/06 14:55:09   Found file '/usr/local/lib/python3.11/dist-packages/antismash/modules/t2pks/data/t2pks.hmm.h3p'
DEBUG    18/06 14:55:09   Checking prerequisites for antismash.modules.terpene
DEBUG    18/06 14:55:09   Found file '/usr/local/lib/python3.11/dist-packages/antismash/modules/terpene/data/all_profiles.hmm'
DEBUG    18/06 14:55:09   Found file '/usr/local/lib/python3.11/dist-packages/antismash/modules/terpene/data/all_profiles.hmm.h3f'
DEBUG    18/06 14:55:09   Found file '/usr/local/lib/python3.11/dist-packages/antismash/modules/terpene/data/all_profiles.hmm.h3i'
DEBUG    18/06 14:55:09   Found file '/usr/local/lib/python3.11/dist-packages/antismash/modules/terpene/data/all_profiles.hmm.h3m'
DEBUG    18/06 14:55:09   Found file '/usr/local/lib/python3.11/dist-packages/antismash/modules/terpene/data/all_profiles.hmm.h3p'
DEBUG    18/06 14:55:09   Checking prerequisites for antismash.modules.tfbs_finder
DEBUG    18/06 14:55:09   Found file '/usr/local/lib/python3.11/dist-packages/antismash/modules/tfbs_finder/data/PWMs.json'
DEBUG    18/06 14:55:09   Checking prerequisites for antismash.modules.thiopeptides
DEBUG    18/06 14:55:09   Found file '/usr/local/lib/python3.11/dist-packages/antismash/modules/thiopeptides/data/thiopep3.hmm.h3f'
DEBUG    18/06 14:55:09   Found file '/usr/local/lib/python3.11/dist-packages/antismash/modules/thiopeptides/data/thiopep3.hmm.h3i'
DEBUG    18/06 14:55:09   Found file '/usr/local/lib/python3.11/dist-packages/antismash/modules/thiopeptides/data/thiopep3.hmm.h3m'
DEBUG    18/06 14:55:09   Found file '/usr/local/lib/python3.11/dist-packages/antismash/modules/thiopeptides/data/thiopep3.hmm.h3p'
DEBUG    18/06 14:55:09   Checking prerequisites for antismash.modules.tta
DEBUG    18/06 14:55:09   Checking prerequisites for antismash.outputs.html
DEBUG    18/06 14:55:09   Found file '/usr/local/lib/python3.11/dist-packages/antismash/outputs/html/css/bacteria.css'
DEBUG    18/06 14:55:09   Found file '/usr/local/lib/python3.11/dist-packages/antismash/outputs/html/css/fungi.css'
DEBUG    18/06 14:55:09   Found file '/usr/local/lib/python3.11/dist-packages/antismash/outputs/html/css/plants.css'
DEBUG    18/06 14:55:09   Checking prerequisites for antismash.support.genefinding
DEBUG    18/06 14:55:09   Checking options for antismash.detection.hmm_detection
DEBUG    18/06 14:55:09   Checking options for antismash.detection.cluster_hmmer
DEBUG    18/06 14:55:09   Found file '/databases/pfam/35.0/Pfam-A.hmm'
DEBUG    18/06 14:55:09   Found file '/databases/pfam/35.0/Pfam-A.hmm.h3f'
DEBUG    18/06 14:55:09   Found file '/databases/pfam/35.0/Pfam-A.hmm.h3i'
DEBUG    18/06 14:55:09   Found file '/databases/pfam/35.0/Pfam-A.hmm.h3m'
DEBUG    18/06 14:55:09   Found file '/databases/pfam/35.0/Pfam-A.hmm.h3p'
DEBUG    18/06 14:55:09   Checking options for antismash.detection.genefunctions
DEBUG    18/06 14:55:09   Checking options for antismash.detection.nrps_pks_domains
DEBUG    18/06 14:55:09   Checking options for antismash.detection.tigrfam
DEBUG    18/06 14:55:09   Checking options for antismash.modules.active_site_finder
DEBUG    18/06 14:55:09   Checking options for antismash.modules.cluster_compare
DEBUG    18/06 14:55:09   Checking options for antismash.modules.clusterblast
DEBUG    18/06 14:55:09   Checking options for antismash.modules.lanthipeptides
DEBUG    18/06 14:55:09   Checking options for antismash.modules.lassopeptides
DEBUG    18/06 14:55:09   Checking options for antismash.modules.nrps_pks
DEBUG    18/06 14:55:09   Checking options for antismash.modules.pfam2go
DEBUG    18/06 14:55:09   Checking options for antismash.modules.rrefinder
DEBUG    18/06 14:55:09   Checking options for antismash.modules.sactipeptides
DEBUG    18/06 14:55:09   Checking options for antismash.modules.t2pks
DEBUG    18/06 14:55:09   Checking options for antismash.modules.terpene
DEBUG    18/06 14:55:09   Checking options for antismash.modules.tfbs_finder
DEBUG    18/06 14:55:09   Checking options for antismash.modules.thiopeptides
DEBUG    18/06 14:55:09   Checking options for antismash.modules.tta
DEBUG    18/06 14:55:09   Checking options for antismash.outputs.html
DEBUG    18/06 14:55:09   Checking options for antismash.support.genefinding
INFO     18/06 14:55:09   Parsing input sequence '/input/B2R09_short.fasta'
DEBUG    18/06 14:55:09   Stripping antiSMASH features and annotations from record: B2R09_1
DEBUG    18/06 14:55:09   Stripping antiSMASH features and annotations from record: B2R09_2
DEBUG    18/06 14:55:09   Stripping antiSMASH features and annotations from record: B2R09_3
DEBUG    18/06 14:55:09   Stripping antiSMASH features and annotations from record: B2R09_4
DEBUG    18/06 14:55:09   Stripping antiSMASH features and annotations from record: B2R09_5
DEBUG    18/06 14:55:09   Stripping antiSMASH features and annotations from record: B2R09_6
DEBUG    18/06 14:55:09   Stripping antiSMASH features and annotations from record: B2R09_7
DEBUG    18/06 14:55:09   Stripping antiSMASH features and annotations from record: B2R09_8
DEBUG    18/06 14:55:09   Stripping antiSMASH features and annotations from record: B2R09_9
DEBUG    18/06 14:55:09   Stripping antiSMASH features and annotations from record: B2R09_10
DEBUG    18/06 14:55:09   Stripping antiSMASH features and annotations from record: B2R09_11
DEBUG    18/06 14:55:09   Stripping antiSMASH features and annotations from record: B2R09_12
DEBUG    18/06 14:55:09   Converting records from biopython to secmet
DEBUG    18/06 14:55:09   Removing existing region genbank files
DEBUG    18/06 14:55:09   Reusing output directory: /data/antismash/upload/bacteria-da7061cc-b10b-43c7-bbe8-e75aec27f945
DEBUG    18/06 14:55:09   Preprocessing 12 sequences
DEBUG    18/06 14:55:09   Sanitising record ids and sequences
DEBUG    18/06 14:55:09   Removing sequences smaller than 1000 bases
DEBUG    18/06 14:55:09   Ensuring records have CDS features with all required information
INFO     18/06 14:55:09   No CDS features found in record 'B2R09_1', running gene finding.
DEBUG    18/06 14:55:09   Running prodigal based genefinding
INFO     18/06 14:55:09   No CDS features found in record 'B2R09_2', running gene finding.
DEBUG    18/06 14:55:09   Running prodigal based genefinding
INFO     18/06 14:55:09   No CDS features found in record 'B2R09_4', running gene finding.
DEBUG    18/06 14:55:09   Running prodigal based genefinding
INFO     18/06 14:55:09   No CDS features found in record 'B2R09_3', running gene finding.
DEBUG    18/06 14:55:09   Running prodigal based genefinding
DEBUG    18/06 14:55:09   prodigal found 2 CDS features
INFO     18/06 14:55:09   No CDS features found in record 'B2R09_5', running gene finding.
DEBUG    18/06 14:55:09   Running prodigal based genefinding
DEBUG    18/06 14:55:10   prodigal found 155 CDS features
INFO     18/06 14:55:10   No CDS features found in record 'B2R09_6', running gene finding.
DEBUG    18/06 14:55:10   Running prodigal based genefinding
DEBUG    18/06 14:55:10   prodigal found 5 CDS features
INFO     18/06 14:55:10   No CDS features found in record 'B2R09_7', running gene finding.
DEBUG    18/06 14:55:10   Running prodigal based genefinding
DEBUG    18/06 14:55:10   prodigal found 291 CDS features
INFO     18/06 14:55:10   No CDS features found in record 'B2R09_8', running gene finding.
DEBUG    18/06 14:55:10   Running prodigal based genefinding
DEBUG    18/06 14:55:11   prodigal found 37 CDS features
INFO     18/06 14:55:11   No CDS features found in record 'B2R09_9', running gene finding.
DEBUG    18/06 14:55:11   Running prodigal based genefinding
DEBUG    18/06 14:55:11   prodigal found 526 CDS features
INFO     18/06 14:55:11   No CDS features found in record 'B2R09_10', running gene finding.
DEBUG    18/06 14:55:11   Running prodigal based genefinding
DEBUG    18/06 14:55:11   prodigal found 571 CDS features
INFO     18/06 14:55:11   No CDS features found in record 'B2R09_11', running gene finding.
DEBUG    18/06 14:55:11   Running prodigal based genefinding
DEBUG    18/06 14:55:11   prodigal found 21 CDS features
INFO     18/06 14:55:11   No CDS features found in record 'B2R09_12', running gene finding.
DEBUG    18/06 14:55:11   Running prodigal based genefinding
DEBUG    18/06 14:55:11   prodigal found 568 CDS features
DEBUG    18/06 14:55:11   prodigal found 128 CDS features
DEBUG    18/06 14:55:12   prodigal found 477 CDS features
DEBUG    18/06 14:55:13   prodigal found 778 CDS features
INFO     18/06 14:55:13   Analysing record: B2R09_1
INFO     18/06 14:55:13   Detecting secondary metabolite clusters
DEBUG    18/06 14:55:13   Checking if antismash.detection.hmm_detection should be run
INFO     18/06 14:55:13   Running antismash.detection.hmm_detection
INFO     18/06 14:55:13   HMM detection using strictness: relaxed
DEBUG    18/06 14:55:15   0 rule-based cluster(s) found in record
DEBUG    18/06 14:55:15   0 protoclusters found
DEBUG    18/06 14:55:15   0 subregions found
INFO     18/06 14:55:15   No regions detected, skipping record
INFO     18/06 14:55:15   Analysing record: B2R09_2
INFO     18/06 14:55:15   Detecting secondary metabolite clusters
DEBUG    18/06 14:55:15   Checking if antismash.detection.hmm_detection should be run
INFO     18/06 14:55:15   Running antismash.detection.hmm_detection
INFO     18/06 14:55:15   HMM detection using strictness: relaxed
DEBUG    18/06 14:55:20   0 rule-based cluster(s) found in record
DEBUG    18/06 14:55:20   0 protoclusters found
DEBUG    18/06 14:55:20   0 subregions found
INFO     18/06 14:55:20   No regions detected, skipping record
INFO     18/06 14:55:20   Analysing record: B2R09_3
INFO     18/06 14:55:20   Detecting secondary metabolite clusters
DEBUG    18/06 14:55:20   Checking if antismash.detection.hmm_detection should be run
INFO     18/06 14:55:20   Running antismash.detection.hmm_detection
INFO     18/06 14:55:20   HMM detection using strictness: relaxed
DEBUG    18/06 14:55:24   0 rule-based cluster(s) found in record
DEBUG    18/06 14:55:24   0 protoclusters found
DEBUG    18/06 14:55:24   0 subregions found
INFO     18/06 14:55:24   No regions detected, skipping record
INFO     18/06 14:55:24   Analysing record: B2R09_4
INFO     18/06 14:55:24   Detecting secondary metabolite clusters
DEBUG    18/06 14:55:24   Checking if antismash.detection.hmm_detection should be run
INFO     18/06 14:55:24   Running antismash.detection.hmm_detection
INFO     18/06 14:55:24   HMM detection using strictness: relaxed
DEBUG    18/06 14:55:25   0 rule-based cluster(s) found in record
DEBUG    18/06 14:55:25   0 protoclusters found
DEBUG    18/06 14:55:25   0 subregions found
INFO     18/06 14:55:25   No regions detected, skipping record
INFO     18/06 14:55:25   Analysing record: B2R09_5
INFO     18/06 14:55:25   Detecting secondary metabolite clusters
DEBUG    18/06 14:55:25   Checking if antismash.detection.hmm_detection should be run
INFO     18/06 14:55:25   Running antismash.detection.hmm_detection
INFO     18/06 14:55:25   HMM detection using strictness: relaxed
DEBUG    18/06 14:55:30   2 rule-based cluster(s) found in record
DEBUG    18/06 14:55:30   2 protoclusters found
DEBUG    18/06 14:55:30   0 subregions found
INFO     18/06 14:55:30   2 region(s) detected in record
DEBUG    18/06 14:55:30   Checking if antismash.detection.cluster_hmmer should be run
INFO     18/06 14:55:30   Running antismash.detection.cluster_hmmer
INFO     18/06 14:55:30   Running cluster PFAM search
DEBUG    18/06 14:55:41   Building name mapping for HMMer database Pfam-A.hmm
DEBUG    18/06 14:55:46   Building cutoff mapping for HMMer database /databases/pfam/35.0/Pfam-A.hmm
DEBUG    18/06 14:55:49   Adding detection results from antismash.detection.cluster_hmmer to record
DEBUG    18/06 14:55:49   Checking if antismash.detection.genefunctions should be run
INFO     18/06 14:55:49   Running antismash.detection.genefunctions
DEBUG    18/06 14:55:51   Adding detection results from antismash.detection.genefunctions to record
DEBUG    18/06 14:55:51   annotating CDS features with extras info: 0 CDSes
DEBUG    18/06 14:55:51   annotating CDS features with halogenases info: 0 CDSes
DEBUG    18/06 14:55:51   annotating CDS features with MITE info: 0 CDSes
DEBUG    18/06 14:55:51   annotating CDS features with resist info: 0 CDSes
DEBUG    18/06 14:55:51   annotating CDS features with smcogs info: 14 CDSes
DEBUG    18/06 14:55:51   Checking if antismash.detection.nrps_pks_domains should be run
INFO     18/06 14:55:51   Running antismash.detection.nrps_pks_domains
DEBUG    18/06 14:55:51   Marking NRPS/PKS CDS features and domains in clusters
DEBUG    18/06 14:55:51   Adding detection results from antismash.detection.nrps_pks_domains to record
DEBUG    18/06 14:55:51   Checking if antismash.detection.tigrfam should be run
INFO     18/06 14:55:51   Running antismash.detection.tigrfam
INFO     18/06 14:55:51   Running TIGRFam search
DEBUG    18/06 14:55:55   Building name mapping for HMMer database TIGRFam.hmm
DEBUG    18/06 14:55:56   Adding detection results from antismash.detection.tigrfam to record
DEBUG    18/06 14:55:56   Checking if antismash.modules.active_site_finder should be run
INFO     18/06 14:55:56   Running antismash.modules.active_site_finder
DEBUG    18/06 14:55:56   Checking if antismash.modules.cluster_compare should be run
INFO     18/06 14:55:56   Running antismash.modules.cluster_compare
DEBUG    18/06 14:55:56   Loading comparison database: MIBiG
DEBUG    18/06 14:55:57   Comparison database loaded
INFO     18/06 14:55:57   Comparing regions to reference database
DEBUG    18/06 14:55:59   Checking if antismash.modules.clusterblast should be run
INFO     18/06 14:55:59   Running antismash.modules.clusterblast
INFO     18/06 14:55:59   Running ClusterBlast
INFO     18/06 14:55:59   ClusterBlast: Loading gene cluster database into memory...
INFO     18/06 14:56:02   ClusterBlast: Loading gene cluster database proteins into memory...
INFO     18/06 14:56:33   Comparing regions to reference database
INFO     18/06 14:56:52   Running subcluster search
INFO     18/06 14:56:52   SubClusterBlast: Loading gene cluster database into memory...
INFO     18/06 14:56:52   SubClusterBlast: Loading gene cluster database proteins into memory...
INFO     18/06 14:56:53   Running known cluster search
INFO     18/06 14:56:53   KnownClusterBlast: Loading gene cluster database into memory...
INFO     18/06 14:56:53   KnownClusterBlast: Loading gene cluster database proteins into memory...
DEBUG    18/06 14:56:53   Running DIAMOND knowncluster searches..
INFO     18/06 14:56:53   Comparing regions to reference database
DEBUG    18/06 14:56:57   Checking if antismash.modules.lanthipeptides should be run
INFO     18/06 14:56:57   Running antismash.modules.lanthipeptides
DEBUG    18/06 14:56:57   Lanthipeptide module marked 0 motifs
DEBUG    18/06 14:56:58   Checking if antismash.modules.lassopeptides should be run
INFO     18/06 14:56:58   Running antismash.modules.lassopeptides
DEBUG    18/06 14:56:58   Lassopeptide module marked 0 motifs
DEBUG    18/06 14:56:58   Checking if antismash.modules.nrps_pks should be run
INFO     18/06 14:56:58   Running antismash.modules.nrps_pks
INFO     18/06 14:56:58   Predicting NRPS C domain activity using active site motifs
DEBUG    18/06 14:56:58   Checking if antismash.modules.pfam2go should be run
INFO     18/06 14:56:58   Running antismash.modules.pfam2go
DEBUG    18/06 14:56:58   Checking if antismash.modules.rrefinder should be run
INFO     18/06 14:56:58   Running antismash.modules.rrefinder
DEBUG    18/06 14:56:58   Checking if antismash.modules.sactipeptides should be run
INFO     18/06 14:56:58   Running antismash.modules.sactipeptides
DEBUG    18/06 14:56:58   Found no sactipeptide motifs
DEBUG    18/06 14:56:58   Checking if antismash.modules.t2pks should be run
INFO     18/06 14:56:58   Running antismash.modules.t2pks
DEBUG    18/06 14:56:58   No type II PKS clusters to analyze
DEBUG    18/06 14:56:58   Checking if antismash.modules.terpene should be run
INFO     18/06 14:56:58   Running antismash.modules.terpene
DEBUG    18/06 14:56:58   No terpene clusters to analyse
DEBUG    18/06 14:56:58   Checking if antismash.modules.tfbs_finder should be run
INFO     18/06 14:56:58   Running antismash.modules.tfbs_finder
DEBUG    18/06 14:56:59   Checking if antismash.modules.thiopeptides should be run
INFO     18/06 14:56:59   Running antismash.modules.thiopeptides
DEBUG    18/06 14:56:59   Thiopeptides marked 0 motifs
DEBUG    18/06 14:56:59   Checking if antismash.modules.tta should be run
INFO     18/06 14:56:59   Running antismash.modules.tta
INFO     18/06 14:56:59   Skipping TTA codon detection, GC content too low: 64%
INFO     18/06 14:56:59   Analysing record: B2R09_6
INFO     18/06 14:56:59   Detecting secondary metabolite clusters
DEBUG    18/06 14:56:59   Checking if antismash.detection.hmm_detection should be run
INFO     18/06 14:56:59   Running antismash.detection.hmm_detection
INFO     18/06 14:56:59   HMM detection using strictness: relaxed
DEBUG    18/06 14:56:59   0 rule-based cluster(s) found in record
DEBUG    18/06 14:56:59   0 protoclusters found
DEBUG    18/06 14:56:59   0 subregions found
INFO     18/06 14:56:59   No regions detected, skipping record
INFO     18/06 14:56:59   Analysing record: B2R09_7
INFO     18/06 14:56:59   Detecting secondary metabolite clusters
DEBUG    18/06 14:56:59   Checking if antismash.detection.hmm_detection should be run
INFO     18/06 14:56:59   Running antismash.detection.hmm_detection
INFO     18/06 14:56:59   HMM detection using strictness: relaxed
DEBUG    18/06 14:57:02   0 rule-based cluster(s) found in record
DEBUG    18/06 14:57:02   0 protoclusters found
DEBUG    18/06 14:57:02   0 subregions found
INFO     18/06 14:57:02   No regions detected, skipping record
INFO     18/06 14:57:02   Analysing record: B2R09_8
INFO     18/06 14:57:02   Detecting secondary metabolite clusters
DEBUG    18/06 14:57:02   Checking if antismash.detection.hmm_detection should be run
INFO     18/06 14:57:02   Running antismash.detection.hmm_detection
INFO     18/06 14:57:02   HMM detection using strictness: relaxed
DEBUG    18/06 14:57:02   0 rule-based cluster(s) found in record
DEBUG    18/06 14:57:02   0 protoclusters found
DEBUG    18/06 14:57:02   0 subregions found
INFO     18/06 14:57:02   No regions detected, skipping record
INFO     18/06 14:57:02   Analysing record: B2R09_9
INFO     18/06 14:57:02   Detecting secondary metabolite clusters
DEBUG    18/06 14:57:02   Checking if antismash.detection.hmm_detection should be run
INFO     18/06 14:57:02   Running antismash.detection.hmm_detection
INFO     18/06 14:57:02   HMM detection using strictness: relaxed
DEBUG    18/06 14:57:07   2 rule-based cluster(s) found in record
DEBUG    18/06 14:57:07   2 protoclusters found
DEBUG    18/06 14:57:07   0 subregions found
INFO     18/06 14:57:07   2 region(s) detected in record
DEBUG    18/06 14:57:07   Checking if antismash.detection.cluster_hmmer should be run
INFO     18/06 14:57:07   Running antismash.detection.cluster_hmmer
INFO     18/06 14:57:07   Running cluster PFAM search
DEBUG    18/06 14:57:21   Adding detection results from antismash.detection.cluster_hmmer to record
DEBUG    18/06 14:57:21   Checking if antismash.detection.genefunctions should be run
INFO     18/06 14:57:21   Running antismash.detection.genefunctions
DEBUG    18/06 14:57:23   Adding detection results from antismash.detection.genefunctions to record
DEBUG    18/06 14:57:23   annotating CDS features with extras info: 0 CDSes
DEBUG    18/06 14:57:23   annotating CDS features with halogenases info: 0 CDSes
DEBUG    18/06 14:57:23   annotating CDS features with MITE info: 0 CDSes
DEBUG    18/06 14:57:23   annotating CDS features with resist info: 0 CDSes
DEBUG    18/06 14:57:23   annotating CDS features with smcogs info: 14 CDSes
DEBUG    18/06 14:57:23   Checking if antismash.detection.nrps_pks_domains should be run
INFO     18/06 14:57:23   Running antismash.detection.nrps_pks_domains
DEBUG    18/06 14:57:23   Marking NRPS/PKS CDS features and domains in clusters
DEBUG    18/06 14:57:23   Adding detection results from antismash.detection.nrps_pks_domains to record
DEBUG    18/06 14:57:23   Checking if antismash.detection.tigrfam should be run
INFO     18/06 14:57:23   Running antismash.detection.tigrfam
INFO     18/06 14:57:23   Running TIGRFam search
DEBUG    18/06 14:57:27   Adding detection results from antismash.detection.tigrfam to record
DEBUG    18/06 14:57:27   Checking if antismash.modules.active_site_finder should be run
INFO     18/06 14:57:27   Running antismash.modules.active_site_finder
DEBUG    18/06 14:57:27   Checking if antismash.modules.cluster_compare should be run
INFO     18/06 14:57:27   Running antismash.modules.cluster_compare
DEBUG    18/06 14:57:27   Loading comparison database: MIBiG
DEBUG    18/06 14:57:27   Comparison database loaded
INFO     18/06 14:57:27   Comparing regions to reference database
DEBUG    18/06 14:57:30   Checking if antismash.modules.clusterblast should be run
INFO     18/06 14:57:30   Running antismash.modules.clusterblast
INFO     18/06 14:57:30   Running ClusterBlast
INFO     18/06 14:57:30   ClusterBlast: Loading gene cluster database into memory...
INFO     18/06 14:57:31   ClusterBlast: Loading gene cluster database proteins into memory...
INFO     18/06 14:58:01   Comparing regions to reference database
INFO     18/06 14:58:22   Running subcluster search
INFO     18/06 14:58:22   SubClusterBlast: Loading gene cluster database into memory...
INFO     18/06 14:58:22   SubClusterBlast: Loading gene cluster database proteins into memory...
INFO     18/06 14:58:24   Running known cluster search
INFO     18/06 14:58:24   KnownClusterBlast: Loading gene cluster database into memory...
INFO     18/06 14:58:24   KnownClusterBlast: Loading gene cluster database proteins into memory...
DEBUG    18/06 14:58:24   Running DIAMOND knowncluster searches..
INFO     18/06 14:58:24   Comparing regions to reference database
DEBUG    18/06 14:58:28   Checking if antismash.modules.lanthipeptides should be run
INFO     18/06 14:58:28   Running antismash.modules.lanthipeptides
DEBUG    18/06 14:58:28   Lanthipeptide module marked 0 motifs
DEBUG    18/06 14:58:28   Checking if antismash.modules.lassopeptides should be run
INFO     18/06 14:58:28   Running antismash.modules.lassopeptides
DEBUG    18/06 14:58:28   Lassopeptide module marked 0 motifs
DEBUG    18/06 14:58:28   Checking if antismash.modules.nrps_pks should be run
INFO     18/06 14:58:28   Running antismash.modules.nrps_pks
INFO     18/06 14:58:28   Predicting A domain substrate specificities with nrpys
INFO     18/06 14:58:28   Predicting NRPS C domain activity using active site motifs
DEBUG    18/06 14:58:28   Checking if antismash.modules.pfam2go should be run
INFO     18/06 14:58:28   Running antismash.modules.pfam2go
DEBUG    18/06 14:58:28   Checking if antismash.modules.rrefinder should be run
INFO     18/06 14:58:28   Running antismash.modules.rrefinder
DEBUG    18/06 14:58:28   Checking if antismash.modules.sactipeptides should be run
INFO     18/06 14:58:28   Running antismash.modules.sactipeptides
DEBUG    18/06 14:58:28   Found no sactipeptide motifs
DEBUG    18/06 14:58:29   Checking if antismash.modules.t2pks should be run
INFO     18/06 14:58:29   Running antismash.modules.t2pks
DEBUG    18/06 14:58:29   No type II PKS clusters to analyze
DEBUG    18/06 14:58:29   Checking if antismash.modules.terpene should be run
INFO     18/06 14:58:29   Running antismash.modules.terpene
DEBUG    18/06 14:58:29   No terpene clusters to analyse
DEBUG    18/06 14:58:29   Checking if antismash.modules.tfbs_finder should be run
INFO     18/06 14:58:29   Running antismash.modules.tfbs_finder
DEBUG    18/06 14:58:29   Checking if antismash.modules.thiopeptides should be run
INFO     18/06 14:58:29   Running antismash.modules.thiopeptides
DEBUG    18/06 14:58:29   Thiopeptides marked 0 motifs
DEBUG    18/06 14:58:29   Checking if antismash.modules.tta should be run
INFO     18/06 14:58:29   Running antismash.modules.tta
INFO     18/06 14:58:29   Skipping TTA codon detection, GC content too low: 64%
INFO     18/06 14:58:29   Analysing record: B2R09_10
INFO     18/06 14:58:29   Detecting secondary metabolite clusters
DEBUG    18/06 14:58:29   Checking if antismash.detection.hmm_detection should be run
INFO     18/06 14:58:29   Running antismash.detection.hmm_detection
INFO     18/06 14:58:29   HMM detection using strictness: relaxed
DEBUG    18/06 14:58:31   0 rule-based cluster(s) found in record
DEBUG    18/06 14:58:31   0 protoclusters found
DEBUG    18/06 14:58:31   0 subregions found
INFO     18/06 14:58:31   No regions detected, skipping record
INFO     18/06 14:58:31   Analysing record: B2R09_11
INFO     18/06 14:58:31   Detecting secondary metabolite clusters
DEBUG    18/06 14:58:31   Checking if antismash.detection.hmm_detection should be run
INFO     18/06 14:58:31   Running antismash.detection.hmm_detection
INFO     18/06 14:58:31   HMM detection using strictness: relaxed
DEBUG    18/06 14:58:31   0 rule-based cluster(s) found in record
DEBUG    18/06 14:58:31   0 protoclusters found
DEBUG    18/06 14:58:31   0 subregions found
INFO     18/06 14:58:31   No regions detected, skipping record
INFO     18/06 14:58:31   Analysing record: B2R09_12
INFO     18/06 14:58:31   Detecting secondary metabolite clusters
DEBUG    18/06 14:58:31   Checking if antismash.detection.hmm_detection should be run
INFO     18/06 14:58:31   Running antismash.detection.hmm_detection
INFO     18/06 14:58:31   HMM detection using strictness: relaxed
DEBUG    18/06 14:58:38   5 rule-based cluster(s) found in record
DEBUG    18/06 14:58:38   5 protoclusters found
DEBUG    18/06 14:58:38   0 subregions found
INFO     18/06 14:58:38   4 region(s) detected in record
DEBUG    18/06 14:58:38   Checking if antismash.detection.cluster_hmmer should be run
INFO     18/06 14:58:38   Running antismash.detection.cluster_hmmer
INFO     18/06 14:58:38   Running cluster PFAM search
DEBUG    18/06 14:59:14   Adding detection results from antismash.detection.cluster_hmmer to record
DEBUG    18/06 14:59:14   Checking if antismash.detection.genefunctions should be run
INFO     18/06 14:59:14   Running antismash.detection.genefunctions
DEBUG    18/06 14:59:18   Adding detection results from antismash.detection.genefunctions to record
DEBUG    18/06 14:59:18   annotating CDS features with extras info: 0 CDSes
DEBUG    18/06 14:59:18   annotating CDS features with halogenases info: 0 CDSes
DEBUG    18/06 14:59:18   annotating CDS features with MITE info: 0 CDSes
DEBUG    18/06 14:59:18   annotating CDS features with resist info: 0 CDSes
DEBUG    18/06 14:59:18   annotating CDS features with smcogs info: 25 CDSes
DEBUG    18/06 14:59:18   Checking if antismash.detection.nrps_pks_domains should be run
INFO     18/06 14:59:18   Running antismash.detection.nrps_pks_domains
DEBUG    18/06 14:59:18   Marking NRPS/PKS CDS features and domains in clusters
DEBUG    18/06 14:59:19   Adding detection results from antismash.detection.nrps_pks_domains to record
DEBUG    18/06 14:59:19   Checking if antismash.detection.tigrfam should be run
INFO     18/06 14:59:19   Running antismash.detection.tigrfam
INFO     18/06 14:59:19   Running TIGRFam search
DEBUG    18/06 14:59:30   Adding detection results from antismash.detection.tigrfam to record
DEBUG    18/06 14:59:30   Checking if antismash.modules.active_site_finder should be run
INFO     18/06 14:59:30   Running antismash.modules.active_site_finder
DEBUG    18/06 14:59:30   Checking if antismash.modules.cluster_compare should be run
INFO     18/06 14:59:30   Running antismash.modules.cluster_compare
DEBUG    18/06 14:59:30   Loading comparison database: MIBiG
DEBUG    18/06 14:59:30   Comparison database loaded
INFO     18/06 14:59:30   Comparing regions to reference database
DEBUG    18/06 14:59:32   Checking if antismash.modules.clusterblast should be run
INFO     18/06 14:59:32   Running antismash.modules.clusterblast
INFO     18/06 14:59:32   Running ClusterBlast
INFO     18/06 14:59:32   ClusterBlast: Loading gene cluster database into memory...
INFO     18/06 14:59:35   ClusterBlast: Loading gene cluster database proteins into memory...
INFO     18/06 15:00:06   Comparing regions to reference database
INFO     18/06 15:00:37   Running subcluster search
INFO     18/06 15:00:37   SubClusterBlast: Loading gene cluster database into memory...
INFO     18/06 15:00:37   SubClusterBlast: Loading gene cluster database proteins into memory...
INFO     18/06 15:00:39   Running known cluster search
INFO     18/06 15:00:39   KnownClusterBlast: Loading gene cluster database into memory...
INFO     18/06 15:00:39   KnownClusterBlast: Loading gene cluster database proteins into memory...
DEBUG    18/06 15:00:40   Running DIAMOND knowncluster searches..
INFO     18/06 15:00:40   Comparing regions to reference database
DEBUG    18/06 15:00:44   Checking if antismash.modules.lanthipeptides should be run
INFO     18/06 15:00:44   Running antismash.modules.lanthipeptides
DEBUG    18/06 15:00:44   Lanthipeptide module marked 0 motifs
DEBUG    18/06 15:00:44   Checking if antismash.modules.lassopeptides should be run
INFO     18/06 15:00:44   Running antismash.modules.lassopeptides
DEBUG    18/06 15:00:45   Lassopeptide module marked 0 motifs
DEBUG    18/06 15:00:45   Checking if antismash.modules.nrps_pks should be run
INFO     18/06 15:00:45   Running antismash.modules.nrps_pks
INFO     18/06 15:00:45   Predicting NRPS C domain activity using active site motifs
INFO     18/06 15:00:45   Predicting PKS AT domain substrate specificities by Yadav et al. PKS signature sequences
INFO     18/06 15:00:45   Predicting PKS AT domain substrate specificities by Minowa et al. method
INFO     18/06 15:00:45   Predicting CAL domain substrate specificities by Minowa et al. method
INFO     18/06 15:00:45   Predicting PKS KR activity and stereochemistry using KR fingerprints from Starcevic et al.
DEBUG    18/06 15:00:46   CandidateCluster 2 monomer ordering method: colinear
DEBUG    18/06 15:00:46   CandidateCluster 3 monomer ordering method: colinear
DEBUG    18/06 15:00:46   CandidateCluster 4 monomer ordering method: colinear
DEBUG    18/06 15:00:46   Checking if antismash.modules.pfam2go should be run
INFO     18/06 15:00:46   Running antismash.modules.pfam2go
DEBUG    18/06 15:00:46   Checking if antismash.modules.rrefinder should be run
INFO     18/06 15:00:46   Running antismash.modules.rrefinder
DEBUG    18/06 15:00:46   Checking if antismash.modules.sactipeptides should be run
INFO     18/06 15:00:46   Running antismash.modules.sactipeptides
DEBUG    18/06 15:00:46   Found no sactipeptide motifs
DEBUG    18/06 15:00:46   Checking if antismash.modules.t2pks should be run
INFO     18/06 15:00:46   Running antismash.modules.t2pks
DEBUG    18/06 15:00:46   No type II PKS clusters to analyze
DEBUG    18/06 15:00:46   Checking if antismash.modules.terpene should be run
INFO     18/06 15:00:46   Running antismash.modules.terpene
INFO     18/06 15:00:46   Analysing terpene clusters
DEBUG    18/06 15:00:46   Checking if antismash.modules.tfbs_finder should be run
INFO     18/06 15:00:46   Running antismash.modules.tfbs_finder
DEBUG    18/06 15:00:47   Checking if antismash.modules.thiopeptides should be run
INFO     18/06 15:00:47   Running antismash.modules.thiopeptides
DEBUG    18/06 15:00:47   Thiopeptides marked 0 motifs
DEBUG    18/06 15:00:47   Checking if antismash.modules.tta should be run
INFO     18/06 15:00:47   Running antismash.modules.tta
INFO     18/06 15:00:47   Skipping TTA codon detection, GC content too low: 64%
INFO     18/06 15:00:48   Writing results
DEBUG    18/06 15:00:48   Writing json results to '/data/antismash/upload/bacteria-da7061cc-b10b-43c7-bbe8-e75aec27f945/B2R09_short.json'
DEBUG    18/06 15:00:48   Record B2R09_1 has results for modules: hmm_detection
DEBUG    18/06 15:00:48   Converting antismash.detection.hmm_detection results to json
DEBUG    18/06 15:00:48   Record B2R09_2 has results for modules: hmm_detection
DEBUG    18/06 15:00:48   Converting antismash.detection.hmm_detection results to json
DEBUG    18/06 15:00:48   Record B2R09_3 has results for modules: hmm_detection
DEBUG    18/06 15:00:48   Converting antismash.detection.hmm_detection results to json
DEBUG    18/06 15:00:48   Record B2R09_4 has results for modules: hmm_detection
DEBUG    18/06 15:00:48   Converting antismash.detection.hmm_detection results to json
DEBUG    18/06 15:00:48   Record B2R09_5 has results for modules: hmm_detection, cluster_hmmer, genefunctions, nrps_pks_domains, tigrfam, active_site_finder, cluster_compare, clusterblast, lanthipeptides, lassopeptides, nrps_pks, pfam2go, rrefinder, sactipeptides, t2pks, terpene, tfbs_finder, thiopeptides
DEBUG    18/06 15:00:48   Converting antismash.detection.hmm_detection results to json
DEBUG    18/06 15:00:48   Converting antismash.detection.cluster_hmmer results to json
DEBUG    18/06 15:00:48   Converting antismash.detection.genefunctions results to json
DEBUG    18/06 15:00:48   Converting antismash.detection.nrps_pks_domains results to json
DEBUG    18/06 15:00:48   Converting antismash.detection.tigrfam results to json
DEBUG    18/06 15:00:48   Converting antismash.modules.active_site_finder results to json
DEBUG    18/06 15:00:48   Converting antismash.modules.cluster_compare results to json
DEBUG    18/06 15:00:48   Converting antismash.modules.clusterblast results to json
DEBUG    18/06 15:00:48   Converting antismash.modules.lanthipeptides results to json
DEBUG    18/06 15:00:48   Converting antismash.modules.lassopeptides results to json
DEBUG    18/06 15:00:48   Converting antismash.modules.nrps_pks results to json
DEBUG    18/06 15:00:48   Converting antismash.modules.pfam2go results to json
DEBUG    18/06 15:00:48   Converting antismash.modules.rrefinder results to json
DEBUG    18/06 15:00:48   Converting antismash.modules.sactipeptides results to json
DEBUG    18/06 15:00:48   Converting antismash.modules.t2pks results to json
DEBUG    18/06 15:00:48   Converting antismash.modules.terpene results to json
DEBUG    18/06 15:00:48   Converting antismash.modules.tfbs_finder results to json
DEBUG    18/06 15:00:48   Converting antismash.modules.thiopeptides results to json
DEBUG    18/06 15:00:48   Converting antismash.modules.tta results to json
DEBUG    18/06 15:00:48   Record B2R09_6 has results for modules: hmm_detection
DEBUG    18/06 15:00:48   Converting antismash.detection.hmm_detection results to json
DEBUG    18/06 15:00:48   Record B2R09_7 has results for modules: hmm_detection
DEBUG    18/06 15:00:48   Converting antismash.detection.hmm_detection results to json
DEBUG    18/06 15:00:48   Record B2R09_8 has results for modules: hmm_detection
DEBUG    18/06 15:00:48   Converting antismash.detection.hmm_detection results to json
DEBUG    18/06 15:00:48   Record B2R09_9 has results for modules: hmm_detection, cluster_hmmer, genefunctions, nrps_pks_domains, tigrfam, active_site_finder, cluster_compare, clusterblast, lanthipeptides, lassopeptides, nrps_pks, pfam2go, rrefinder, sactipeptides, t2pks, terpene, tfbs_finder, thiopeptides
DEBUG    18/06 15:00:48   Converting antismash.detection.hmm_detection results to json
DEBUG    18/06 15:00:48   Converting antismash.detection.cluster_hmmer results to json
DEBUG    18/06 15:00:48   Converting antismash.detection.genefunctions results to json
DEBUG    18/06 15:00:48   Converting antismash.detection.nrps_pks_domains results to json
DEBUG    18/06 15:00:48   Converting antismash.detection.tigrfam results to json
DEBUG    18/06 15:00:48   Converting antismash.modules.active_site_finder results to json
DEBUG    18/06 15:00:48   Converting antismash.modules.cluster_compare results to json
DEBUG    18/06 15:00:48   Converting antismash.modules.clusterblast results to json
DEBUG    18/06 15:00:48   Converting antismash.modules.lanthipeptides results to json
DEBUG    18/06 15:00:48   Converting antismash.modules.lassopeptides results to json
DEBUG    18/06 15:00:48   Converting antismash.modules.nrps_pks results to json
DEBUG    18/06 15:00:48   Converting antismash.modules.pfam2go results to json
DEBUG    18/06 15:00:48   Converting antismash.modules.rrefinder results to json
DEBUG    18/06 15:00:48   Converting antismash.modules.sactipeptides results to json
DEBUG    18/06 15:00:48   Converting antismash.modules.t2pks results to json
DEBUG    18/06 15:00:48   Converting antismash.modules.terpene results to json
DEBUG    18/06 15:00:48   Converting antismash.modules.tfbs_finder results to json
DEBUG    18/06 15:00:48   Converting antismash.modules.thiopeptides results to json
DEBUG    18/06 15:00:48   Converting antismash.modules.tta results to json
DEBUG    18/06 15:00:48   Record B2R09_10 has results for modules: hmm_detection
DEBUG    18/06 15:00:48   Converting antismash.detection.hmm_detection results to json
DEBUG    18/06 15:00:48   Record B2R09_11 has results for modules: hmm_detection
DEBUG    18/06 15:00:48   Converting antismash.detection.hmm_detection results to json
DEBUG    18/06 15:00:48   Record B2R09_12 has results for modules: hmm_detection, cluster_hmmer, genefunctions, nrps_pks_domains, tigrfam, active_site_finder, cluster_compare, clusterblast, lanthipeptides, lassopeptides, nrps_pks, pfam2go, rrefinder, sactipeptides, t2pks, terpene, tfbs_finder, thiopeptides
DEBUG    18/06 15:00:48   Converting antismash.detection.hmm_detection results to json
DEBUG    18/06 15:00:48   Converting antismash.detection.cluster_hmmer results to json
DEBUG    18/06 15:00:48   Converting antismash.detection.genefunctions results to json
DEBUG    18/06 15:00:48   Converting antismash.detection.nrps_pks_domains results to json
DEBUG    18/06 15:00:48   Converting antismash.detection.tigrfam results to json
DEBUG    18/06 15:00:48   Converting antismash.modules.active_site_finder results to json
DEBUG    18/06 15:00:48   Converting antismash.modules.cluster_compare results to json
DEBUG    18/06 15:00:48   Converting antismash.modules.clusterblast results to json
DEBUG    18/06 15:00:48   Converting antismash.modules.lanthipeptides results to json
DEBUG    18/06 15:00:48   Converting antismash.modules.lassopeptides results to json
DEBUG    18/06 15:00:48   Converting antismash.modules.nrps_pks results to json
DEBUG    18/06 15:00:48   Converting antismash.modules.pfam2go results to json
DEBUG    18/06 15:00:48   Converting antismash.modules.rrefinder results to json
DEBUG    18/06 15:00:48   Converting antismash.modules.sactipeptides results to json
DEBUG    18/06 15:00:48   Converting antismash.modules.t2pks results to json
DEBUG    18/06 15:00:48   Converting antismash.modules.terpene results to json
DEBUG    18/06 15:00:48   Converting antismash.modules.tfbs_finder results to json
DEBUG    18/06 15:00:48   Converting antismash.modules.thiopeptides results to json
DEBUG    18/06 15:00:48   Converting antismash.modules.tta results to json
DEBUG    18/06 15:00:48   Not annotating skipped record B2R09_1: No regions detected
DEBUG    18/06 15:00:48   Not annotating skipped record B2R09_2: No regions detected
DEBUG    18/06 15:00:48   Not annotating skipped record B2R09_3: No regions detected
DEBUG    18/06 15:00:48   Not annotating skipped record B2R09_4: No regions detected
DEBUG    18/06 15:00:48   Annotating record B2R09_5 with results from: hmm_detection, cluster_hmmer, genefunctions, nrps_pks_domains, tigrfam, active_site_finder, cluster_compare, clusterblast, lanthipeptides, lassopeptides, nrps_pks, pfam2go, rrefinder, sactipeptides, t2pks, terpene, tfbs_finder, thiopeptides, tta
DEBUG    18/06 15:00:48    Adding results from antismash.modules.active_site_finder
DEBUG    18/06 15:00:48    Adding results from antismash.modules.cluster_compare
DEBUG    18/06 15:00:48    Adding results from antismash.modules.clusterblast
DEBUG    18/06 15:00:48    Adding results from antismash.modules.lanthipeptides
DEBUG    18/06 15:00:48    Adding results from antismash.modules.lassopeptides
DEBUG    18/06 15:00:48    Adding results from antismash.modules.nrps_pks
DEBUG    18/06 15:00:48    Adding results from antismash.modules.pfam2go
DEBUG    18/06 15:00:48    Adding results from antismash.modules.rrefinder
DEBUG    18/06 15:00:48    Adding results from antismash.modules.sactipeptides
DEBUG    18/06 15:00:48    Adding results from antismash.modules.t2pks
DEBUG    18/06 15:00:48    Adding results from antismash.modules.terpene
DEBUG    18/06 15:00:48    Adding results from antismash.modules.tfbs_finder
DEBUG    18/06 15:00:48    Adding results from antismash.modules.thiopeptides
DEBUG    18/06 15:00:48    Adding results from antismash.modules.tta
DEBUG    18/06 15:00:48   Not annotating skipped record B2R09_6: No regions detected
DEBUG    18/06 15:00:48   Not annotating skipped record B2R09_7: No regions detected
DEBUG    18/06 15:00:48   Not annotating skipped record B2R09_8: No regions detected
DEBUG    18/06 15:00:48   Annotating record B2R09_9 with results from: hmm_detection, cluster_hmmer, genefunctions, nrps_pks_domains, tigrfam, active_site_finder, cluster_compare, clusterblast, lanthipeptides, lassopeptides, nrps_pks, pfam2go, rrefinder, sactipeptides, t2pks, terpene, tfbs_finder, thiopeptides, tta
DEBUG    18/06 15:00:48    Adding results from antismash.modules.active_site_finder
DEBUG    18/06 15:00:48    Adding results from antismash.modules.cluster_compare
DEBUG    18/06 15:00:48    Adding results from antismash.modules.clusterblast
DEBUG    18/06 15:00:48    Adding results from antismash.modules.lanthipeptides
DEBUG    18/06 15:00:48    Adding results from antismash.modules.lassopeptides
DEBUG    18/06 15:00:48    Adding results from antismash.modules.nrps_pks
DEBUG    18/06 15:00:48    Adding results from antismash.modules.pfam2go
DEBUG    18/06 15:00:48    Adding results from antismash.modules.rrefinder
DEBUG    18/06 15:00:48    Adding results from antismash.modules.sactipeptides
DEBUG    18/06 15:00:48    Adding results from antismash.modules.t2pks
DEBUG    18/06 15:00:48    Adding results from antismash.modules.terpene
DEBUG    18/06 15:00:48    Adding results from antismash.modules.tfbs_finder
DEBUG    18/06 15:00:48    Adding results from antismash.modules.thiopeptides
DEBUG    18/06 15:00:48    Adding results from antismash.modules.tta
DEBUG    18/06 15:00:48   Not annotating skipped record B2R09_10: No regions detected
DEBUG    18/06 15:00:48   Not annotating skipped record B2R09_11: No regions detected
DEBUG    18/06 15:00:48   Annotating record B2R09_12 with results from: hmm_detection, cluster_hmmer, genefunctions, nrps_pks_domains, tigrfam, active_site_finder, cluster_compare, clusterblast, lanthipeptides, lassopeptides, nrps_pks, pfam2go, rrefinder, sactipeptides, t2pks, terpene, tfbs_finder, thiopeptides, tta
DEBUG    18/06 15:00:48    Adding results from antismash.modules.active_site_finder
DEBUG    18/06 15:00:48    Adding results from antismash.modules.cluster_compare
DEBUG    18/06 15:00:48    Adding results from antismash.modules.clusterblast
DEBUG    18/06 15:00:48    Adding results from antismash.modules.lanthipeptides
DEBUG    18/06 15:00:48    Adding results from antismash.modules.lassopeptides
DEBUG    18/06 15:00:48    Adding results from antismash.modules.nrps_pks
DEBUG    18/06 15:00:48    Adding results from antismash.modules.pfam2go
DEBUG    18/06 15:00:48    Adding results from antismash.modules.rrefinder
DEBUG    18/06 15:00:48    Adding results from antismash.modules.sactipeptides
DEBUG    18/06 15:00:48    Adding results from antismash.modules.t2pks
DEBUG    18/06 15:00:48    Adding results from antismash.modules.terpene
DEBUG    18/06 15:00:48    Adding results from antismash.modules.tfbs_finder
DEBUG    18/06 15:00:48    Adding results from antismash.modules.thiopeptides
DEBUG    18/06 15:00:48    Adding results from antismash.modules.tta
DEBUG    18/06 15:00:48   Writing non-HTML output files
DEBUG    18/06 15:00:48    Writing relevant output files for antismash.detection.hmm_detection
DEBUG    18/06 15:00:48    Writing relevant output files for antismash.detection.hmm_detection
DEBUG    18/06 15:00:48    Writing relevant output files for antismash.detection.hmm_detection
DEBUG    18/06 15:00:48    Writing relevant output files for antismash.detection.hmm_detection
DEBUG    18/06 15:00:48    Writing relevant output files for antismash.detection.hmm_detection
DEBUG    18/06 15:00:48    Writing relevant output files for antismash.detection.cluster_hmmer
DEBUG    18/06 15:00:48    Writing relevant output files for antismash.detection.genefunctions
DEBUG    18/06 15:00:48    Writing relevant output files for antismash.detection.nrps_pks_domains
DEBUG    18/06 15:00:48    Writing relevant output files for antismash.detection.tigrfam
DEBUG    18/06 15:00:48    Writing relevant output files for antismash.modules.active_site_finder
DEBUG    18/06 15:00:48    Writing relevant output files for antismash.modules.cluster_compare
DEBUG    18/06 15:00:48    Writing relevant output files for antismash.modules.clusterblast
DEBUG    18/06 15:00:48    Writing relevant output files for antismash.modules.lanthipeptides
DEBUG    18/06 15:00:48    Writing relevant output files for antismash.modules.lassopeptides
DEBUG    18/06 15:00:48    Writing relevant output files for antismash.modules.nrps_pks
DEBUG    18/06 15:00:48    Writing relevant output files for antismash.modules.pfam2go
DEBUG    18/06 15:00:48    Writing relevant output files for antismash.modules.rrefinder
DEBUG    18/06 15:00:48    Writing relevant output files for antismash.modules.sactipeptides
DEBUG    18/06 15:00:48    Writing relevant output files for antismash.modules.t2pks
DEBUG    18/06 15:00:48    Writing relevant output files for antismash.modules.terpene
DEBUG    18/06 15:00:48    Writing relevant output files for antismash.modules.tfbs_finder
DEBUG    18/06 15:00:48    Writing relevant output files for antismash.modules.thiopeptides
DEBUG    18/06 15:00:48    Writing relevant output files for antismash.modules.tta
DEBUG    18/06 15:00:48    Writing relevant output files for antismash.detection.hmm_detection
DEBUG    18/06 15:00:48    Writing relevant output files for antismash.detection.hmm_detection
DEBUG    18/06 15:00:48    Writing relevant output files for antismash.detection.hmm_detection
DEBUG    18/06 15:00:48    Writing relevant output files for antismash.detection.hmm_detection
DEBUG    18/06 15:00:48    Writing relevant output files for antismash.detection.cluster_hmmer
DEBUG    18/06 15:00:48    Writing relevant output files for antismash.detection.genefunctions
DEBUG    18/06 15:00:48    Writing relevant output files for antismash.detection.nrps_pks_domains
DEBUG    18/06 15:00:48    Writing relevant output files for antismash.detection.tigrfam
DEBUG    18/06 15:00:48    Writing relevant output files for antismash.modules.active_site_finder
DEBUG    18/06 15:00:48    Writing relevant output files for antismash.modules.cluster_compare
DEBUG    18/06 15:00:48    Writing relevant output files for antismash.modules.clusterblast
DEBUG    18/06 15:00:48    Writing relevant output files for antismash.modules.lanthipeptides
DEBUG    18/06 15:00:48    Writing relevant output files for antismash.modules.lassopeptides
DEBUG    18/06 15:00:48    Writing relevant output files for antismash.modules.nrps_pks
DEBUG    18/06 15:00:48    Writing relevant output files for antismash.modules.pfam2go
DEBUG    18/06 15:00:48    Writing relevant output files for antismash.modules.rrefinder
DEBUG    18/06 15:00:48    Writing relevant output files for antismash.modules.sactipeptides
DEBUG    18/06 15:00:48    Writing relevant output files for antismash.modules.t2pks
DEBUG    18/06 15:00:48    Writing relevant output files for antismash.modules.terpene
DEBUG    18/06 15:00:48    Writing relevant output files for antismash.modules.tfbs_finder
DEBUG    18/06 15:00:48    Writing relevant output files for antismash.modules.thiopeptides
DEBUG    18/06 15:00:48    Writing relevant output files for antismash.modules.tta
DEBUG    18/06 15:00:48    Writing relevant output files for antismash.detection.hmm_detection
DEBUG    18/06 15:00:48    Writing relevant output files for antismash.detection.hmm_detection
DEBUG    18/06 15:00:48    Writing relevant output files for antismash.detection.hmm_detection
DEBUG    18/06 15:00:48    Writing relevant output files for antismash.detection.cluster_hmmer
DEBUG    18/06 15:00:48    Writing relevant output files for antismash.detection.genefunctions
DEBUG    18/06 15:00:48    Writing relevant output files for antismash.detection.nrps_pks_domains
DEBUG    18/06 15:00:48    Writing relevant output files for antismash.detection.tigrfam
DEBUG    18/06 15:00:48    Writing relevant output files for antismash.modules.active_site_finder
DEBUG    18/06 15:00:48    Writing relevant output files for antismash.modules.cluster_compare
DEBUG    18/06 15:00:48    Writing relevant output files for antismash.modules.clusterblast
DEBUG    18/06 15:00:48    Writing relevant output files for antismash.modules.lanthipeptides
DEBUG    18/06 15:00:48    Writing relevant output files for antismash.modules.lassopeptides
DEBUG    18/06 15:00:48    Writing relevant output files for antismash.modules.nrps_pks
DEBUG    18/06 15:00:48    Writing relevant output files for antismash.modules.pfam2go
DEBUG    18/06 15:00:48    Writing relevant output files for antismash.modules.rrefinder
DEBUG    18/06 15:00:48    Writing relevant output files for antismash.modules.sactipeptides
DEBUG    18/06 15:00:48    Writing relevant output files for antismash.modules.t2pks
DEBUG    18/06 15:00:48    Writing relevant output files for antismash.modules.terpene
DEBUG    18/06 15:00:48    Writing relevant output files for antismash.modules.tfbs_finder
DEBUG    18/06 15:00:48    Writing relevant output files for antismash.modules.thiopeptides
DEBUG    18/06 15:00:48    Writing relevant output files for antismash.modules.tta
DEBUG    18/06 15:00:48   Creating results page
DEBUG    18/06 15:00:48   Results page using antismash.js from local copy: /databases/as-js/0.16/antismash.js
DEBUG    18/06 15:00:52   Writing cluster-specific genbank files
DEBUG    18/06 15:00:52   Writing final genbank file to '/data/antismash/upload/bacteria-da7061cc-b10b-43c7-bbe8-e75aec27f945/B2R09_short.gbk'
DEBUG    18/06 15:00:52   Zipping output to '/data/antismash/upload/bacteria-da7061cc-b10b-43c7-bbe8-e75aec27f945/B2R09_short.zip'
